fsl_clock.h:584:20:CLOCK_EnableClock	24	static
fsl_port.h:321:20:PORT_SetPinMux	24	static
fsl_gpio.h:157:20:GPIO_WritePinOutput	24	static
fsl_gpio.h:186:20:GPIO_ClearPinsOutput	16	static
port_e_init.c:5:6:port_e_init	8	static
port_e_init.c:22:6:write_port_e	16	static
port_e_init.c:31:6:prendeLed1	8	static
port_e_init.c:35:6:apagaLed1	8	static
port_e_init.c:39:6:prendeLed2	8	static
port_e_init.c:43:6:apagaLed2	8	static
port_e_init.c:47:6:prendeLed3	8	static
port_e_init.c:51:6:apagaLed3	8	static
port_e_init.c:55:6:prendeLed4	8	static
port_e_init.c:59:6:apagaLed4	8	static
